../Core/Src/main.c:58:5:__io_putchar	24	static
../Core/Src/main.c:67:6:max30102_plot	16	static
../Core/Src/main.c:113:5:main	16	static
../Core/Src/main.c:188:6:SystemClock_Config	88	static
../Core/Src/main.c:235:13:MX_I2C1_Init	8	static
../Core/Src/main.c:269:13:MX_TIM2_Init	48	static
../Core/Src/main.c:318:13:MX_USART1_UART_Init	8	static
../Core/Src/main.c:351:13:MX_USB_PCD_Init	8	static
../Core/Src/main.c:382:13:MX_GPIO_Init	40	static
../Core/Src/main.c:425:6:HAL_GPIO_EXTI_Callback	16	static
../Core/Src/main.c:441:6:Error_Handler	4	static,ignoring_inline_asm
